// Jest Snapshot v1, https://goo.gl/fbAQLP

exports[`renders correctly 1`] = `
<Text
  style={
    Object {
      "color": "#fff",
      "fontFamily": "Mulish-Bold",
      "fontSize": 17,
      "lineHeight": 24,
    }
  }
>
  Title
</Text>
`;
